booleans aren't greater than other booleans
false
false
false
false
false
false
false
false
