mysterious isn't greater than itself
false
false
false
false
mysterious isn't greater than null
false
false
false
false
mysterious isn't greater than booleans
false
false
false
false
mysterious isn't greater than numbers
false
false
false
false
false
false
false
false
mysterious isn't greater than strings
false
false
false
false
false
false
