numbers aren't greater than booleans
false
false
false
false
false
false
false
false
false
false
false
false
false
false
false
false
false
false
false
false
integers can be greater than other integers
false
false
false
true
true
false
false
false
true
false
false
true
false
false
floats can be greater than other floats
false
false
false
true
true
false
false
false
true
false
false
true
false
false
integers can be greater than floats
true
false
false
true
true
false
false
false
true
false
true
true
false
false
floats can be greater than integers
false
true
false
true
true
false
false
false
true
true
false
true
false
false
