strings aren't greater than booleans
false
false
false
false
false
false
false
false
strings can be greater than integers
false
false
false
false
false
false
false
false
true
false
true
false
false
false
false
false
strings can be greater than floats
false
false
false
false
false
false
false
false
true
false
true
false
false
false
false
false
strings can be greater than other strings
false
false
true
true
false
true
false
false
false
