booleans equal themselves (duh)
false
false
true
false
false
true
