1
skipping even number
3
skipping even number
5
1
skipping even number
3
skipping even number
5
