--> PING
    pong
    pong
    pong
--> PING
    pong
    pong
    pong
--> PING
    pong
    pong
    pong
