booleans aren't less than or equal to other booleans
false
false
false
false
false
false
false
false
