null isn't less than or equal to mysterious
false
false
false
false
null is less than or equal to itself
true
true
true
true
null isn't less than or equal to booleans
false
false
false
false
null can be less than or equal to numbers (it's treated as zero)
true
false
true
false
true
true
false
false
true
true
true
true
null isn't less than or equal to strings
false
false
false
false
false
false
false
