numbers aren't less than or equal to booleans
false
false
false
false
false
false
false
false
false
false
false
false
false
false
false
false
false
false
false
false
integers can be less than or equal to other integers
true
true
true
false
false
true
true
true
false
true
true
false
true
true
floats can be less than or equal to other floats
true
true
true
false
false
true
true
true
false
true
true
false
true
true
integers can be less than or equal to floats
false
true
true
false
false
true
true
true
false
true
false
false
true
true
floats can be less than or equal to integers
true
false
true
false
false
true
true
true
false
false
true
false
true
true
