numbers aren't less than booleans
false
false
false
false
false
false
false
false
false
false
false
false
false
false
false
false
false
false
false
false
integers can be less than other integers
false
false
false
false
false
true
true
true
false
false
false
false
true
false
floats can be less than other floats
false
false
false
false
false
true
true
true
false
false
false
false
true
false
integers can be less than floats
false
true
false
false
false
true
true
true
false
true
false
false
true
false
floats can be less than integers
true
false
false
false
false
true
true
true
false
false
true
false
true
false
