strings aren't less than booleans
false
false
false
false
false
false
false
false
strings can be less than integers
false
false
false
false
false
true
false
false
false
true
false
true
false
false
true
false
strings can be less than floats
false
false
false
false
false
true
false
false
false
true
false
true
false
false
true
false
strings can be less than other strings
false
false
false
false
false
false
true
false
true
