true
null
mysterious
Hello San Francisco!
Hello back
100
16
235
3.1415926535
7
