Hello San Francisco!
Hello back\n
  foo   bar   baz  
"quoted"
this "contains" quotes
this is "a string
  which spans lines"
all in the 
something 


