100
16
235
3.1415926535
7
3.33
34
3.4
323
9
63
4218
524
4.2233
49
23.5
4417.34
4216555
0
0
