true
null
mysterious
2019
somebody else's problem
