Susie, you're the gal for me!
Oh Sally, you're the one?
I still seek my muse...
