Johnny & Jenny are in love!
But wait, Johnny changed his mind?
Lyle & Linda are in love!
Oh, Lyle has moved away?
Ain't nobody in love after all, I guess...
That's just how it goes some days.
