you will see this
you should see this
you will see this too
you should see this too
