numbers aren't greater than or equal to booleans
false
false
false
false
false
false
false
false
false
false
false
false
false
false
false
false
false
false
false
false
integers can be greater than or equal to other integers
true
true
true
true
true
false
false
false
true
true
true
true
false
true
floats can be greater than or equal to other floats
true
true
true
true
true
false
false
false
true
true
true
true
false
true
integers can be greater than or equal to floats
true
false
true
true
true
false
false
false
true
false
true
true
false
true
floats can be greater than or equal to integers
false
true
true
true
true
false
false
false
true
true
false
true
false
true
