strings aren't greater than or equal to booleans
false
false
false
false
false
false
false
false
strings can be greater than or equal to integers
true
false
false
false
false
false
true
false
true
false
true
false
true
true
false
false
strings can be greater than or equal to floats
true
false
false
false
false
false
true
false
true
false
true
false
true
true
false
false
strings can be greater than or equal to strings
true
true
true
true
true
true
false
true
false
