this string spans
     multiple lines

  this string
  does too

here's another string
with a linebreak in it here's another string
with a linebreak in it 
