foo \ bar
foo \\ bar
\t\u\r\n
foo ${bar} \n
foo \${bar} \n
foo \\${bar} \n
