mysterious
null
true
false
-42
0
0
42
-12.34
0
0
12.34

woo
