booleans equal themselves (duh)
true
true
false
true
true
false
