numbers can equal booleans
true
false
true
false
true
false
true
false
false
true
false
true
true
true
false
false
false
false
true
true
integers equal themselves
true
true
true
false
false
true
true
true
floats equal themselves
true
true
true
false
false
true
true
true
integers can equal floats
true
true
false
true
true
true
true
false
