strings can equal booleans
true
false
false
true
false
false
true
false
strings can equal integers
true
false
false
false
false
true
false
false
false
true
true
false
strings can equal floats
true
false
false
false
false
true
false
false
false
true
true
false
strings can equal other strings
true
true
false
false
true
false
true
false
